  Determining projects to restore...
  All projects are up-to-date for restore.
  WindowsOptimizer.Core -> D:\Dev\WPF-Windows-optimizer-with-safe-reversible-tweaks\WindowsOptimizer.Core\bin\Debug\net8.0-windows\WindowsOptimizer.Core.dll
  WindowsOptimizer.CLI -> D:\Dev\WPF-Windows-optimizer-with-safe-reversible-tweaks\WindowsOptimizer.CLI\bin\Debug\net10.0\WindowsOptimizer.CLI.dll
D:\Dev\WPF-Windows-optimizer-with-safe-reversible-tweaks\WindowsOptimizer.Infrastructure\Threading\MetricWorkerPool.cs(40,20): error CS0029: Cannot implicitly convert type 'System.Collections.Generic.List<System.Threading.Tasks.Task<System.Threading.Tasks.Task>>' to 'System.Collections.Generic.List<System.Threading.Tasks.Task>' [D:\Dev\WPF-Windows-optimizer-with-safe-reversible-tweaks\WindowsOptimizer.Infrastructure\WindowsOptimizer.Infrastructure.csproj]

Build FAILED.

D:\Dev\WPF-Windows-optimizer-with-safe-reversible-tweaks\WindowsOptimizer.Infrastructure\Threading\MetricWorkerPool.cs(40,20): error CS0029: Cannot implicitly convert type 'System.Collections.Generic.List<System.Threading.Tasks.Task<System.Threading.Tasks.Task>>' to 'System.Collections.Generic.List<System.Threading.Tasks.Task>' [D:\Dev\WPF-Windows-optimizer-with-safe-reversible-tweaks\WindowsOptimizer.Infrastructure\WindowsOptimizer.Infrastructure.csproj]
    0 Warning(s)
    1 Error(s)

Time Elapsed 00:00:01.57
