INFO  Using log config file: jar:file:/C:/Tools/Ghidra/ghidra_12.0.4_PUBLIC/Ghidra/Framework/Generic/lib/Generic.jar!/generic.log4j.xml (LoggingInitialization)  
INFO  Using log file: C:\Users\rai\AppData\Roaming\ghidra\ghidra_12.0.4_PUBLIC\application.log (LoggingInitialization)  
INFO  Loading user preferences: C:\Users\rai\AppData\Roaming\ghidra\ghidra_12.0.4_PUBLIC\preferences (Preferences)  
INFO  Searching for classes... (ClassSearcher)  
INFO  Class search complete (998 ms) (ClassSearcher)  
INFO  Initializing SSL Context (DefaultSSLContextInitializer)  
INFO  Initializing Random Number Generator... (SecureRandomFactory)  
INFO  Random Number Generator initialization complete: SHA1PRNG (SecureRandomFactory)  
INFO  Trust manager disabled, cacerts have not been set (DefaultTrustManagerFactory)  
INFO  Headless startup complete (2648 ms) (AnalyzeHeadless)  
INFO  Class searcher loaded 58 extension points (18 false positives) (ClassSearcher)  
INFO  HEADLESS Script Paths:
    C:\Tools\Ghidra\ghidra_12.0.4_PUBLIC\Ghidra\Processors\Atmel\ghidra_scripts
    C:\Tools\Ghidra\ghidra_12.0.4_PUBLIC\Ghidra\Debug\Debugger-rmi-trace\ghidra_scripts
    C:\Tools\Ghidra\ghidra_12.0.4_PUBLIC\Ghidra\Features\GnuDemangler\ghidra_scripts
    C:\Tools\Ghidra\ghidra_12.0.4_PUBLIC\Ghidra\Features\VersionTracking\ghidra_scripts
    C:\Tools\Ghidra\ghidra_12.0.4_PUBLIC\Ghidra\Features\BytePatterns\ghidra_scripts
    C:\Tools\Ghidra\ghidra_12.0.4_PUBLIC\Ghidra\Features\Base\ghidra_scripts
    C:\Tools\Ghidra\ghidra_12.0.4_PUBLIC\Ghidra\Features\Decompiler\ghidra_scripts
    C:\Tools\Ghidra\ghidra_12.0.4_PUBLIC\Ghidra\Processors\PIC\ghidra_scripts
    C:\Tools\Ghidra\ghidra_12.0.4_PUBLIC\Ghidra\Processors\DATA\ghidra_scripts
    C:\Tools\Ghidra\ghidra_12.0.4_PUBLIC\Ghidra\Processors\8051\ghidra_scripts
    C:\Tools\Ghidra\ghidra_12.0.4_PUBLIC\Ghidra\Features\PyGhidra\ghidra_scripts
    C:\Tools\Ghidra\ghidra_12.0.4_PUBLIC\Ghidra\Features\FunctionID\ghidra_scripts
    C:\Tools\Ghidra\ghidra_12.0.4_PUBLIC\Ghidra\Features\BSim\ghidra_scripts
    C:\Tools\Ghidra\ghidra_12.0.4_PUBLIC\Ghidra\Features\DecompilerDependent\ghidra_scripts
    C:\Tools\Ghidra\ghidra_12.0.4_PUBLIC\Ghidra\Features\MicrosoftCodeAnalyzer\ghidra_scripts
    C:\Tools\Ghidra\ghidra_12.0.4_PUBLIC\Ghidra\Processors\JVM\ghidra_scripts
    C:\Tools\Ghidra\ghidra_12.0.4_PUBLIC\Ghidra\Features\SystemEmulation\ghidra_scripts
    C:\Tools\Ghidra\ghidra_12.0.4_PUBLIC\Ghidra\Features\WildcardAssembler\ghidra_scripts
    C:\Tools\Ghidra\ghidra_12.0.4_PUBLIC\Ghidra\Debug\Debugger\ghidra_scripts
    C:\RegProbe-Diag\bootstrap\ghidra
    C:\Tools\Ghidra\ghidra_12.0.4_PUBLIC\Ghidra\Features\PDB\ghidra_scripts
    C:\Tools\Ghidra\ghidra_12.0.4_PUBLIC\Ghidra\Features\SwiftDemangler\ghidra_scripts
    C:\Tools\Ghidra\ghidra_12.0.4_PUBLIC\Ghidra\Features\Jython\ghidra_scripts
    C:\Tools\Ghidra\ghidra_12.0.4_PUBLIC\Ghidra\Features\FileFormats\ghidra_scripts (HeadlessAnalyzer)  
INFO  HEADLESS: execution starts (HeadlessAnalyzer)  
INFO  Creating temporary project: C:\Tools\GhidraProjects\Probe_ghidra_power_kernel_string_xref_batch_20260423 (HeadlessAnalyzer)  
INFO  Creating project: C:\Tools\GhidraProjects\Probe_ghidra_power_kernel_string_xref_batch_20260423 (DefaultProject)  
INFO  REPORT: Processing input files:  (HeadlessAnalyzer)  
INFO       project: C:\Tools\GhidraProjects\Probe_ghidra_power_kernel_string_xref_batch_20260423 (HeadlessAnalyzer)  
INFO  IMPORTING: file:///C:/Windows/System32/ntoskrnl.exe (HeadlessAnalyzer)  
INFO  Using Loader: Portable Executable (PE) (ProgramLoader)  
INFO  Using Language/Compiler: x86:LE:64:default:windows (ProgramLoader)  
INFO  Using Library Search Path: [., C:\WINDOWS\SysWOW64, C:\Tools\Java\jdk-21.0.10+7\bin, C:\WINDOWS\Sun\Java\bin, C:\WINDOWS\system32, C:\WINDOWS, C:\WINDOWS\System32\Wbem, C:\WINDOWS\System32\WindowsPowerShell\v1.0\, C:\WINDOWS\System32\OpenSSH\, C:\Program Files (x86)\Windows Kits\10\Windows Performance Toolkit\, C:\Tools\Scripts, C:\Tools\Sysinternals, C:\Program Files (x86)\Windows Kits\10\Windows Performance Toolkit, C:\Tools\Java\jdk-21.0.10+7, C:\Tools\DotNetSDK\8.0.416, C:\Tools\Perf, C:\Program Files (x86)\Windows Kits\10\Debuggers\x64, C:\Program Files\dotnet\, C:\Users\rai\AppData\Local\Microsoft\WindowsApps, C:\Users\rai\.dotnet\tools] (ProgramLoader)  
INFO  Additional info:
Loading file:///C:/Windows/System32/ntoskrnl.exe?MD5=dc90fbc723ea3634c11148b11cd2a661...
------------------------------------------------

Searching 18 paths for library BOOTVID.DLL...
Loading file:///C:/Windows/System32/BOOTVID.DLL?MD5=583f1fac9ba692ccf70bcd87d25f7dad...
Using existing exports file: C:\Users\rai\AppData\Roaming\ghidra\ghidra_12.0.4_PUBLIC\symbols\win64\bootvid.exports
Library not saved to project.
------------------------------------------------

Searching 18 paths for library CI.DLL...
Loading file:///C:/Windows/System32/ci.dll?MD5=dde36bd7ad51528feb89b73b9a5f4e59...
[ci.dll]: failed to create WEVTResource at 1800fb9b8: Failed to resolve data length for WEVTResource
Using existing exports file: C:\Users\rai\AppData\Roaming\ghidra\ghidra_12.0.4_PUBLIC\symbols\win64\ci.exports
WARNING: Existing exports file may not be an exact match.
Library not saved to project.
------------------------------------------------

Searching 18 paths for library CNG.SYS...
Library not found.
------------------------------------------------

Searching 18 paths for library EXT-MS-WIN-ACCEL-API-KM-L1-1-0.DLL...
Library not found.
------------------------------------------------

Searching 18 paths for library EXT-MS-WIN-FS-CLFS-L1-1-0.DLL...
Library not found.
------------------------------------------------

Searching 18 paths for library EXT-MS-WIN-NTOS-CLIPSP-L1-1-0.DLL...
Library not found.
------------------------------------------------

Searching 18 paths for library EXT-MS-WIN-NTOS-GLOBMERGER-L1-1-0.DLL...
Library not found.
------------------------------------------------

Searching 18 paths for library EXT-MS-WIN-NTOS-KCMINITCFG-L1-1-0.DLL...
Library not found.
------------------------------------------------

Searching 18 paths for library EXT-MS-WIN-NTOS-KSECURITY-L1-1-1.DLL...
Library not found.
------------------------------------------------

Searching 18 paths for library EXT-MS-WIN-NTOS-KSR-L1-1-5.DLL...
Library not found.
------------------------------------------------

Searching 18 paths for library EXT-MS-WIN-NTOS-PROCESSPARAMETERS-L1-1-0.DLL...
Library not found.
------------------------------------------------

Searching 18 paths for library EXT-MS-WIN-NTOS-RUNLEVELS-L1-1-0.DLL...
Library not found.
------------------------------------------------

Searching 18 paths for library EXT-MS-WIN-NTOS-STATESEPARATION-L1-1-0.DLL...
Library not found.
------------------------------------------------

Searching 18 paths for library EXT-MS-WIN-NTOS-TM-L1-1-0.DLL...
Library not found.
------------------------------------------------

Searching 18 paths for library EXT-MS-WIN-NTOS-TRACE-L1-1-0.DLL...
Library not found.
------------------------------------------------

Searching 18 paths for library EXT-MS-WIN-NTOS-UCODE-L1-1-0.DLL...
Library not found.
------------------------------------------------

Searching 18 paths for library EXT-MS-WIN-NTOS-WERKERNEL-L1-1-1.DLL...
Library not found.
------------------------------------------------

Searching 18 paths for library EXT-MS-WIN-NTOS-WIN32K-L1-1-0.DLL...
Library not found.
------------------------------------------------

Searching 18 paths for library KDCOM.DLL...
Loading file:///C:/Windows/System32/kdcom.dll?MD5=23a7e41fe80788922ed4acab18ecd9e7...
Using existing exports file: C:\Users\rai\AppData\Roaming\ghidra\ghidra_12.0.4_PUBLIC\symbols\win64\kdcom.exports
Library not saved to project.
------------------------------------------------

Searching 18 paths for library MSRPC.SYS...
Library not found.
------------------------------------------------

Searching 18 paths for library PSHED.DLL...
Loading file:///C:/Windows/System32/PSHED.DLL?MD5=467d490720309451176caf5e0268a731...
Index 5 out of bounds for length 5
Using existing exports file: C:\Users\rai\AppData\Roaming\ghidra\ghidra_12.0.4_PUBLIC\symbols\win64\pshed.exports
Library not saved to project.
------------------------------------------------

Searching 18 paths for library SYMCRYPTK.DLL...
Loading file:///C:/Windows/System32/symcryptk.dll?MD5=980f2a2ddad2511c6893038bab42a508...
Using existing exports file: C:\Users\rai\AppData\Roaming\ghidra\ghidra_12.0.4_PUBLIC\symbols\win64\symcryptk.exports
WARNING: Existing exports file may not be an exact match.
Library not saved to project.
------------------------------------------------

Applying C:\Users\rai\AppData\Roaming\ghidra\ghidra_12.0.4_PUBLIC\symbols\win64\symcryptk.exports
Applying C:\Users\rai\AppData\Roaming\ghidra\ghidra_12.0.4_PUBLIC\symbols\win64\pshed.exports
Applying C:\Users\rai\AppData\Roaming\ghidra\ghidra_12.0.4_PUBLIC\symbols\win64\bootvid.exports
Applying C:\Users\rai\AppData\Roaming\ghidra\ghidra_12.0.4_PUBLIC\symbols\win64\kdcom.exports
Applying C:\Users\rai\AppData\Roaming\ghidra\ghidra_12.0.4_PUBLIC\symbols\win64\ci.exports
Linking the External Programs of 'ntoskrnl.exe' to imported libraries...
  [EXT-MS-WIN-NTOS-PROCESSPARAMETERS-L1-1-0.DLL] -> not found in project
  [SYMCRYPTK.DLL] -> not found in project
  [EXT-MS-WIN-NTOS-TM-L1-1-0.DLL] -> not found in project
  [EXT-MS-WIN-ACCEL-API-KM-L1-1-0.DLL] -> not found in project
  [PSHED.DLL] -> not found in project
  [BOOTVID.DLL] -> not found in project
  [EXT-MS-WIN-NTOS-CLIPSP-L1-1-0.DLL] -> not found in project
  [KDCOM.DLL] -> not found in project
  [EXT-MS-WIN-NTOS-KCMINITCFG-L1-1-0.DLL] -> not found in project
  [EXT-MS-WIN-NTOS-KSR-L1-1-5.DLL] -> not found in project
  [EXT-MS-WIN-NTOS-TRACE-L1-1-0.DLL] -> not found in project
  [EXT-MS-WIN-NTOS-KSECURITY-L1-1-1.DLL] -> not found in project
  [EXT-MS-WIN-NTOS-WERKERNEL-L1-1-1.DLL] -> not found in project
  [EXT-MS-WIN-NTOS-UCODE-L1-1-0.DLL] -> not found in project
  [EXT-MS-WIN-NTOS-WIN32K-L1-1-0.DLL] -> not found in project
  [EXT-MS-WIN-NTOS-RUNLEVELS-L1-1-0.DLL] -> not found in project
  [EXT-MS-WIN-NTOS-STATESEPARATION-L1-1-0.DLL] -> not found in project
  [EXT-MS-WIN-FS-CLFS-L1-1-0.DLL] -> not found in project
  [CI.DLL] -> not found in project
  [MSRPC.SYS] -> not found in project
  [CNG.SYS] -> not found in project
  [EXT-MS-WIN-NTOS-GLOBMERGER-L1-1-0.DLL] -> not found in project
------------------------------------------------

 (ProgramLoader)  
INFO  IMPORTING: Loaded 0 additional files (HeadlessAnalyzer)  
INFO  REPORT: Execute script: SetPdbSymbolRepository.java 'C:\Tools\Symbols\ghidra-power-kernel-string-xref-batch-20260423'  (HeadlessAnalyzer)  
INFO  SCRIPT: C:\RegProbe-Diag\bootstrap\ghidra\SetPdbSymbolRepository.java (HeadlessAnalyzer)  
ERROR PDB.Symbol Repository Path could not be found for this program. (SetPdbSymbolRepository)  
INFO  SetPdbSymbolRepository.java> Configured PDB.Symbol Repository Path = C:\Tools\Symbols\ghidra-power-kernel-string-xref-batch-20260423 (GhidraScript)  
INFO  SetPdbSymbolRepository.java> Configured explicit PDB file = C:\Tools\Symbols\ghidra-power-kernel-string-xref-batch-20260423\ntkrnlmp.pdb\04A313E5C86A0212FB000E449E728D8C1\ntkrnlmp.pdb (GhidraScript)  
INFO  ANALYZING all memory and code: file:///C:/Windows/System32/ntoskrnl.exe (HeadlessAnalyzer)  
WARN  Ignoring leading '_' chars on no-return name '___raise_securityfailure' specified in file: C:\Tools\Ghidra\ghidra_12.0.4_PUBLIC\Ghidra\Features\Base\data\PEFunctionsThatDoNotReturn (NoReturnFunctionAnalyzer)  
WARN  Ignoring leading '_' chars on no-return name '___report_rangecheckfailure' specified in file: C:\Tools\Ghidra\ghidra_12.0.4_PUBLIC\Ghidra\Features\Base\data\PEFunctionsThatDoNotReturn (NoReturnFunctionAnalyzer)  
INFO  PDB analyzer parsing file: C:\Tools\Symbols\ghidra-power-kernel-string-xref-batch-20260423\ntkrnlmp.pdb\04A313E5C86A0212FB000E449E728D8C1\ntkrnlmp.pdb (PdbUniversalAnalyzer)  
WARN  PDB STRUCTURE reconstruction failed to align /ntkrnlmp.pdb/_ETW_SILO_TRACING_BLOCK (CppCompositeType)  
WARN  PDB STRUCTURE reconstruction failed to align /ntkrnlmp.pdb/<unnamed-tag_00001199> (CppCompositeType)  
WARN  PDB STRUCTURE reconstruction failed to align /ntkrnlmp.pdb/<unnamed-tag_00001189> (CppCompositeType)  
WARN  PDB STRUCTURE reconstruction failed to align /ntkrnlmp.pdb/<unnamed-tag_00001184> (CppCompositeType)  
WARN  PDB STRUCTURE reconstruction failed to align /ntkrnlmp.pdb/<unnamed-tag_00001155> (CppCompositeType)  
WARN  PDB STRUCTURE reconstruction failed to align /ntkrnlmp.pdb/<unnamed-tag_0000114C> (CppCompositeType)  
WARN  PDB STRUCTURE reconstruction failed to align /ntkrnlmp.pdb/<unnamed-tag_00001142> (CppCompositeType)  
WARN  PDB STRUCTURE reconstruction failed to align /ntkrnlmp.pdb/<unnamed-tag_00001140> (CppCompositeType)  
WARN  PDB STRUCTURE reconstruction failed to align /ntkrnlmp.pdb/<unnamed-tag_0000113C> (CppCompositeType)  
WARN  PDB STRUCTURE reconstruction failed to align /ntkrnlmp.pdb/_KSCHEDULING_GROUP (CppCompositeType)  
WARN  PDB STRUCTURE reconstruction failed to align /ntkrnlmp.pdb/_DEVICE_OBJECT (CppCompositeType)  
WARN  PDB STRUCTURE reconstruction failed to align /ntkrnlmp.pdb/_ETW_APC_POOL (CppCompositeType)  
WARN  PDB STRUCTURE reconstruction failed to align /ntkrnlmp.pdb/_ETW_STACK_TRACE_BLOCK (CppCompositeType)  
WARN  PDB STRUCTURE reconstruction failed to align /ntkrnlmp.pdb/_WMI_LOGGER_CONTEXT (CppCompositeType)  
WARN  PDB STRUCTURE reconstruction failed to align /ntkrnlmp.pdb/_MMSUPPORT_SHARED (CppCompositeType)  
WARN  PDB STRUCTURE reconstruction failed to align /ntkrnlmp.pdb/_MMSUPPORT_FLAGS (CppCompositeType)  
WARN  PDB STRUCTURE reconstruction failed to align /ntkrnlmp.pdb/_SLIST_ENTRY (CppCompositeType)  
WARN  PDB STRUCTURE reconstruction failed to align /ntkrnlmp.pdb/_HANDLE_TABLE_FREE_LIST (CppCompositeType)  
WARN  PDB STRUCTURE reconstruction failed to align /ntkrnlmp.pdb/_EPROCESS (CppCompositeType)  
WARN  PDB STRUCTURE reconstruction failed to align /ntkrnlmp.pdb/_KPRCB (CppCompositeType)  
WARN  PDB UNION reconstruction failed to align /ntkrnlmp.pdb/<unnamed-tag_00001236> (CompositeTypeApplier)  
WARN  PDB STRUCTURE reconstruction failed to align /ntkrnlmp.pdb/_ACPI_SRAT_ENTRY (CppCompositeType)  
WARN  PDB STRUCTURE reconstruction failed to align /ntkrnlmp.pdb/_INTERRUPT_TARGET (CppCompositeType)  
WARN  PDB STRUCTURE reconstruction failed to align /ntkrnlmp.pdb/_WHEA_RECOVERY_CONTEXT (CppCompositeType)  
WARN  PDB STRUCTURE reconstruction failed to align /ntkrnlmp.pdb/_KUSER_SHARED_DATA (CppCompositeType)  
WARN  PDB STRUCTURE reconstruction failed to align /ntkrnlmp.pdb/_KPCR (CppCompositeType)  
WARN  PDB STRUCTURE reconstruction failed to align /ntkrnlmp.pdb/_GENERAL_LOOKASIDE (CppCompositeType)  
WARN  PDB STRUCTURE reconstruction failed to align /ntkrnlmp.pdb/_KSHARED_READY_QUEUE (CppCompositeType)  
WARN  PDB STRUCTURE reconstruction failed to align /ntkrnlmp.pdb/_SYMCRYPT_ENTROPY_ACCUMULATOR_STATE (CppCompositeType)  
WARN  PDB STRUCTURE reconstruction failed to align /ntkrnlmp.pdb/_ENODE (CppCompositeType)  
WARN  PDB STRUCTURE reconstruction failed to align /ntkrnlmp.pdb/_MMPAGING_FILE (CppCompositeType)  
WARN  PDB STRUCTURE reconstruction failed to align /ntkrnlmp.pdb/_MI_VISIBLE_PARTITION (CppCompositeType)  
WARN  PDB STRUCTURE reconstruction failed to align /ntkrnlmp.pdb/_MI_PARTITION_SLABS (CppCompositeType)  
WARN  PDB STRUCTURE reconstruction failed to align /ntkrnlmp.pdb/_MI_ACCESS_LOG_STATE (CppCompositeType)  
WARN  PDB STRUCTURE reconstruction failed to align /ntkrnlmp.pdb/_MI_PARTITION_PAGE_LISTS (CppCompositeType)  
WARN  PDB STRUCTURE reconstruction failed to align /ntkrnlmp.pdb/_MI_PARTITION_SEGMENTS (CppCompositeType)  
WARN  PDB STRUCTURE reconstruction failed to align /ntkrnlmp.pdb/_MI_NODE_SLAB_IDENTITY_STATE (CppCompositeType)  
WARN  PDB STRUCTURE reconstruction failed to align /ntkrnlmp.pdb/_MI_NODE_FREE_PAGE_INFORMATION (CppCompositeType)  
WARN  PDB STRUCTURE reconstruction failed to align /ntkrnlmp.pdb/_MI_NODE_INFORMATION (CppCompositeType)  
WARN  PDB STRUCTURE reconstruction failed to align /ntkrnlmp.pdb/_MI_PARTITION_CORE (CppCompositeType)  
WARN  PDB STRUCTURE reconstruction failed to align /ntkrnlmp.pdb/_MMCLONE_DESCRIPTOR (CppCompositeType)  
WARN  PDB STRUCTURE reconstruction failed to align /ntkrnlmp.pdb/_AWEINFO (CppCompositeType)  
WARN  PDB STRUCTURE reconstruction failed to align /ntkrnlmp.pdb/_CM_KEY_NODE (CppCompositeType)  
WARN  PDB STRUCTURE reconstruction failed to align /ntkrnlmp.pdb/_DBGKD_ANY_CONTROL_SET (CppCompositeType)  
WARN  PDB STRUCTURE reconstruction failed to align /ntkrnlmp.pdb/_DBGKD_CONTINUE2 (CppCompositeType)  
WARN  PDB STRUCTURE reconstruction failed to align /ntkrnlmp.pdb/_CC_PARTITION (CppCompositeType)  
WARN  PDB STRUCTURE reconstruction failed to align /ntkrnlmp.pdb/_PRIVATE_VOLUME_CACHEMAP (CppCompositeType)  
WARN  PDB STRUCTURE reconstruction failed to align /ntkrnlmp.pdb/_HEAP_SEG_CONTEXT (CppCompositeType)  
WARN  PDB STRUCTURE reconstruction failed to align /ntkrnlmp.pdb/_RTLP_HP_HEAP_GLOBALS (CppCompositeType)  
WARN  PDB STRUCTURE reconstruction failed to align /ntkrnlmp.pdb/_HEAP_VS_AFFINITY_SLOT (CppCompositeType)  
WARN  PDB STRUCTURE reconstruction failed to align /ntkrnlmp.pdb/_RTL_LOOKASIDE (CppCompositeType)  
WARN  PDB STRUCTURE reconstruction failed to align /ntkrnlmp.pdb/_HEAP_UNPACKED_ENTRY (CppCompositeType)  
WARN  PDB STRUCTURE reconstruction failed to align /ntkrnlmp.pdb/_BLOB (CppCompositeType)  
WARN  PDB STRUCTURE reconstruction failed to align /ntkrnlmp.pdb/_ALPC_COMPLETION_LIST_HEADER (CppCompositeType)  
WARN  PDB STRUCTURE reconstruction failed to align /ntkrnlmp.pdb/_IOP_IRP_EXTENSION (CppCompositeType)  
WARN  PDB STRUCTURE reconstruction failed to align /ntkrnlmp.pdb/_POOL_LIMIT_TABLE_ENTRY (CppCompositeType)  
WARN  PDB STRUCTURE reconstruction failed to align /ntkrnlmp.pdb/_VF_TARGET_VERIFIED_DRIVER_DATA (CppCompositeType)  
WARN  PDB STRUCTURE reconstruction failed to align /ntkrnlmp.pdb/_MI_VISIBLE_STATE (CppCompositeType)  
WARN  PDB STRUCTURE reconstruction failed to align /ntkrnlmp.pdb/_MI_SYSTEM_TRIM_STATE (CppCompositeType)  
WARN  PDB STRUCTURE reconstruction failed to align /ntkrnlmp.pdb/_MI_PAGING_IO_STATE (CppCompositeType)  
WARN  PDB STRUCTURE reconstruction failed to align /ntkrnlmp.pdb/_MI_IO_PAGE_STATE_CELL (CppCompositeType)  
WARN  PDB STRUCTURE reconstruction failed to align /ntkrnlmp.pdb/_MI_IO_PAGE_STATE (CppCompositeType)  
WARN  PDB STRUCTURE reconstruction failed to align /ntkrnlmp.pdb/_MI_ALIGNED_SLIST (CppCompositeType)  
WARN  PDB STRUCTURE reconstruction failed to align /ntkrnlmp.pdb/_MI_STANDBY_STATE (CppCompositeType)  
WARN  PDB STRUCTURE reconstruction failed to align /ntkrnlmp.pdb/_MI_PARTITION_STATE (CppCompositeType)  
WARN  PDB STRUCTURE reconstruction failed to align /ntkrnlmp.pdb/_MI_SYSTEM_NODE_INFORMATION (CppCompositeType)  
WARN  PDB STRUCTURE reconstruction failed to align /ntkrnlmp.pdb/_MI_HARDWARE_STATE (CppCompositeType)  
WARN  PDB STRUCTURE reconstruction failed to align /ntkrnlmp.pdb/_MI_SYSTEM_IMAGE_STATE (CppCompositeType)  
WARN  PDB STRUCTURE reconstruction failed to align /ntkrnlmp.pdb/_MI_SECTION_STATE (CppCompositeType)  
WARN  PDB STRUCTURE reconstruction failed to align /ntkrnlmp.pdb/_VF_AVL_TABLE (CppCompositeType)  
WARN  PDB STRUCTURE reconstruction failed to align /ntkrnlmp.pdb/_EX_POOL_HEAP_MANAGER_STATE (CppCompositeType)  
WARN  PDB STRUCTURE reconstruction failed to align /ntkrnlmp.pdb/_ETW_WMITRACE_WORK (CppCompositeType)  
INFO  resolveCount: 6568 (DefaultPdbApplicator)  
INFO  conflictCount: 7 (DefaultPdbApplicator)  
INFO  PDB Types and Main Symbols Processing Terminated Normally (DefaultPdbApplicator)  
INFO  PDB Universal: scheduling PDB Function Internals Analysis (PdbUniversalAnalyzer)  
WARN  Decompiling 140204420, pcode error at 14000000c: Unable to resolve constructor at 14000000c (DecompileCallback)  
WARN  Decompiling 1402ec5a0, pcode error at 1402ec916: Unable to resolve constructor at 1402ec916 (DecompileCallback)  
INFO  Packed database cache: C:\Users\rai\AppData\Local\ghidra\packed-db-cache (PackedDatabaseCache)  
INFO  Applied data type archive: windows_vs12_64 (ApplyDataArchiveAnalyzer)  
ERROR Could not create Data at address 140e0e88c (DemangledVariable)  
INFO  PDB Function Internals Processing Terminated Normally (DefaultPdbApplicator)  
INFO  PDB Applicator Reporting (DefaultPdbApplicator)  
INFO  ===Begin PdbApplicatorMetrics Report===
Could not apply one or more instances of an unsupported PDB data type: StringIdMsType
Could not apply one or more instances of an unsupported PDB data type: FunctionIdMsType
Could not apply one or more instances of an unsupported PDB data type: BuildInfoMsType
Could not apply one or more instances of an unsupported PDB symbol type: AnnotationMsSymbol
Could not nest one or more instances of a PDB symbol type: AnnotationMsSymbol
====End PdbApplicatorMetrics Report====
 (PdbApplicatorMetrics)  
INFO  PDB Applicator Reporting Terminated Normally (DefaultPdbApplicator)  
INFO  -----------------------------------------------------
    ASCII Strings                              1.454 secs
    Apply Data Archives                        0.852 secs
    Call Convention ID                         0.541 secs
    Call-Fixup Installer                       0.246 secs
    Create Address Tables                      1.973 secs
    Create Address Tables - One Time           6.195 secs
    Create Function                            1.365 secs
    Data Reference                             3.583 secs
    Decompiler Switch Analysis               221.209 secs
    Demangler Microsoft                        4.472 secs
    Disassemble Entry Points                  56.321 secs
    Disassemble Entry Points - One Time        0.114 secs
    Embedded Media                             0.108 secs
    External Entry References                  0.045 secs
    Function ID                               16.537 secs
    Function Start Search                      0.318 secs
    Non-Returning Functions - Discovered      12.914 secs
    Non-Returning Functions - Known            0.075 secs
    PDB Universal                              8.719 secs
    PDB Universal Function Internals           0.278 secs
    PDB Universal Reporting                    0.003 secs
    Reference                                  4.231 secs
    Scalar Operand References                 14.983 secs
    Shared Return Calls                        4.254 secs
    Stack                                    114.657 secs
    Subroutine References                      2.440 secs
    Subroutine References - One Time           0.010 secs
    Windows x86 PE Exception Handling          0.027 secs
    Windows x86 PE RTTI Analyzer               0.093 secs
    Windows x86 Thread Environment Block (TEB) Analyzer     0.020 secs
    WindowsResourceReference                   0.417 secs
    x86 Constant Reference Analyzer           87.211 secs
-----------------------------------------------------
     Total Time   565 secs
-----------------------------------------------------
 (AutoAnalysisManager)  
INFO  REPORT: Analysis succeeded for file: file:///C:/Windows/System32/ntoskrnl.exe (HeadlessAnalyzer)  
INFO  REPORT: Execute script: ExportStringXrefs.java 'C:\RegProbe-Diag\ghidra\ghidra-power-kernel-string-xref-batch-20260423\ghidra-matches.md' 'C:\RegProbe-Diag\ghidra\ghidra-power-kernel-string-xref-batch-20260423\evidence.json' 'ghidra-power-kernel-string-xref-batch-20260423' 'Win32kCalloutWatchdogTimeoutSeconds' 'ForceBugcheckForDpcWatchdog' 'GlobalTimerResolutionRequests' 'TimerCheckFlags'  (HeadlessAnalyzer)  
INFO  SCRIPT: C:\RegProbe-Diag\bootstrap\ghidra\ExportStringXrefs.java (HeadlessAnalyzer)  
INFO  ANALYZING changes made by post scripts: file:///C:/Windows/System32/ntoskrnl.exe (HeadlessAnalyzer)  
INFO  REPORT: Post-analysis succeeded for file: file:///C:/Windows/System32/ntoskrnl.exe (HeadlessAnalyzer)  
INFO  /ntoskrnl.exe: file created (rai) (LocalFileSystem)  
INFO  REPORT: Save succeeded for: /ntoskrnl.exe (Probe_ghidra_power_kernel_string_xref_batch_20260423:/ntoskrnl.exe) (HeadlessAnalyzer)  
INFO  REPORT: Import succeeded (HeadlessAnalyzer)
